(delay (lam case_True_24 (lam case_False_25 [ case_True_24 (prod ) ])))