(program
  (let
    (nonrec)
    (datatypebind
      (datatype
        (tyvardecl Bool (type))

        Bool_match
        (vardecl True Bool) (vardecl False Bool)
      )
    )
    (termbind
      (strict)
      (vardecl nandDirect (fun Bool (fun Bool Bool)))
      (lam
        ds
        Bool
        (lam
          ds
          Bool
          [
            [ { [ Bool_match ds ] Bool } (lam p (prod ) False) ]
            (lam
              p
              (prod )
              [
                [ { [ Bool_match ds ] Bool } (lam p (prod ) False) ]
                (lam p (prod ) True)
              ]
            )
          ]
        )
      )
    )
    (termbind
      (strict)
      (vardecl andDirect (fun Bool (fun Bool Bool)))
      (lam
        ds
        Bool
        (lam
          ds
          Bool
          [ [ nandDirect [ [ nandDirect ds ] ds ] ] [ [ nandDirect ds ] ds ] ]
        )
      )
    )
    (let
      (rec)
      (datatypebind
        (datatype
          (tyvardecl List (fun (type) (type)))
          (tyvardecl a (type))
          Nil_match
          (vardecl Nil [ List a ])
          (vardecl Cons (fun a (fun [ List a ] [ List a ])))
        )
      )
      (let
        (rec)
        (termbind
          (strict)
          (vardecl
            allDirect (all a (type) (fun (fun a Bool) (fun [ List a ] Bool)))
          )
          (abs
            a
            (type)
            (lam
              p
              (fun a Bool)
              (lam
                l
                [ List a ]
                [
                  [ { [ { Nil_match a } l ] Bool } (lam p (prod ) True) ]
                  (lam
                    p
                    (prod a [ List a ])
                    (let
                      (nonrec)
                      (termbind (strict) (vardecl h a) (proj 0 p))
                      (termbind (strict) (vardecl t [ List a ]) (proj 1 p))
                      [ [ andDirect [ p h ] ] [ [ { allDirect a } p ] t ] ]
                    )
                  )
                ]
              )
            )
          )
        )
        (let
          (nonrec)
          (termbind
            (strict)
            (vardecl
              build
              (all
                a
                (type)
                (fun
                  (all b (type) (fun (fun a (fun b b)) (fun b b))) [ List a ]
                )
              )
            )
            (abs
              a
              (type)
              (lam
                g
                (all b (type) (fun (fun a (fun b b)) (fun b b)))
                [ [ { g [ List a ] } { Cons a } ] { Nil a } ]
              )
            )
          )
          (termbind
            (strict)
            (vardecl
              ifThenElse (all a (type) (fun (con bool) (fun a (fun a a))))
            )
            (builtin ifThenElse)
          )
          (termbind
            (strict)
            (vardecl
              lessThanInteger (fun (con integer) (fun (con integer) (con bool)))
            )
            (builtin lessThanInteger)
          )
          (termbind
            (strict)
            (vardecl
              lessThanInteger (fun (con integer) (fun (con integer) Bool))
            )
            (lam
              x
              (con integer)
              (lam
                y
                (con integer)
                [
                  [ [ { ifThenElse Bool } [ [ lessThanInteger x ] y ] ] True ]
                  False
                ]
              )
            )
          )
          [
            [
              { allDirect (con integer) }
              (lam ds (con integer) [ [ lessThanInteger ds ] (con integer 5) ])
            ]
            [
              { build (con integer) }
              (abs
                a
                (type)
                (lam
                  c
                  (fun (con integer) (fun a a))
                  (lam
                    n a [ [ c (con integer 7) ] [ [ c (con integer 6) ] n ] ]
                  )
                )
              )
            ]
          ]
        )
      )
    )
  )
)