(program
  (let
    (nonrec)
    (datatypebind
      (datatype
        (tyvardecl Bool (type))

        Bool_match
        (vardecl True Bool) (vardecl False Bool)
      )
    )
    (termbind
      (strict)
      (vardecl andExternal (fun Bool (fun Bool Bool)))
      (lam
        a
        Bool
        (lam
          b
          Bool
          [
            [ { [ Bool_match a ] Bool } (lam p (prod ) b) ]
            (lam p (prod ) False)
          ]
        )
      )
    )
    [ [ andExternal True ] False ]
  )
)