(program
  (let
    (nonrec)
    (datatypebind
      (datatype
        (tyvardecl
          UTuple5
          (fun
            (type) (fun (type) (fun (type) (fun (type) (fun (type) (type)))))
          )
        )
        (tyvardecl a (type))
        (tyvardecl b (type))
        (tyvardecl c (type))
        (tyvardecl d (type))
        (tyvardecl e (type))
        UTuple5_match
        (vardecl
          UTuple5
          (fun
            a
            (fun
              b (fun c (fun d (fun e [ [ [ [ [ UTuple5 a ] b ] c ] d ] e ])))
            )
          )
        )
      )
    )
    (termbind
      (strict)
      (vardecl addInteger (fun (con integer) (fun (con integer) (con integer))))
      (builtin addInteger)
    )
    (termbind
      (strict)
      (vardecl addInteger (fun (con integer) (fun (con integer) (con integer))))
      (lam x (con integer) (lam y (con integer) [ [ addInteger x ] y ]))
    )
    (termbind
      (strict)
      (vardecl
        unboxedTuple
        (fun
          [
            [
              [ [ [ UTuple5 (con integer) ] (con integer) ] (con integer) ]
              (con integer)
            ]
            (con integer)
          ]
          (con integer)
        )
      )
      (lam
        ds
        [
          [
            [ [ [ UTuple5 (con integer) ] (con integer) ] (con integer) ]
            (con integer)
          ]
          (con integer)
        ]
        [
          {
            [
              {
                {
                  {
                    { { UTuple5_match (con integer) } (con integer) }
                    (con integer)
                  }
                  (con integer)
                }
                (con integer)
              }
              ds
            ]
            (con integer)
          }
          (lam
            p
            (prod
              (con integer)
              (con integer)
              (con integer)
              (con integer)
              (con integer)
            )
            (let
              (nonrec)
              (termbind (strict) (vardecl i (con integer)) (proj 0 p))
              (termbind (strict) (vardecl j (con integer)) (proj 1 p))
              (termbind (strict) (vardecl k (con integer)) (proj 2 p))
              (termbind (strict) (vardecl l (con integer)) (proj 3 p))
              (termbind (strict) (vardecl m (con integer)) (proj 4 p))
              [
                [
                  addInteger
                  [
                    [ addInteger [ [ addInteger [ [ addInteger i ] j ] ] k ] ] l
                  ]
                ]
                m
              ]
            )
          )
        ]
      )
    )
    (lam
      x
      (con integer)
      [
        unboxedTuple
        [
          [
            [
              [
                [
                  {
                    {
                      {
                        { { UTuple5 (con integer) } (con integer) }
                        (con integer)
                      }
                      (con integer)
                    }
                    (con integer)
                  }
                  x
                ]
                x
              ]
              x
            ]
            x
          ]
          x
        ]
      ]
    )
  )
)