(program
  (let
    (nonrec)
    (datatypebind
      (datatype
        (tyvardecl
          UTuple4 (fun (type) (fun (type) (fun (type) (fun (type) (type)))))
        )
        (tyvardecl a (type))
        (tyvardecl b (type))
        (tyvardecl c (type))
        (tyvardecl d (type))
        UTuple4_match
        (vardecl
          UTuple4
          (fun a (fun b (fun c (fun d [ [ [ [ UTuple4 a ] b ] c ] d ]))))
        )
      )
    )
    (termbind
      (strict)
      (vardecl addInteger (fun (con integer) (fun (con integer) (con integer))))
      (builtin addInteger)
    )
    (termbind
      (strict)
      (vardecl addInteger (fun (con integer) (fun (con integer) (con integer))))
      (lam x (con integer) (lam y (con integer) [ [ addInteger x ] y ]))
    )
    (termbind
      (strict)
      (vardecl
        unboxedTuple
        (fun
          [
            [ [ [ UTuple4 (con integer) ] (con integer) ] (con integer) ]
            (con integer)
          ]
          (con integer)
        )
      )
      (lam
        ds
        [
          [ [ [ UTuple4 (con integer) ] (con integer) ] (con integer) ]
          (con integer)
        ]
        [
          {
            [
              {
                {
                  { { UTuple4_match (con integer) } (con integer) }
                  (con integer)
                }
                (con integer)
              }
              ds
            ]
            (con integer)
          }
          (lam
            p
            (prod (con integer) (con integer) (con integer) (con integer))
            (let
              (nonrec)
              (termbind (strict) (vardecl i (con integer)) (proj 0 p))
              (termbind (strict) (vardecl j (con integer)) (proj 1 p))
              (termbind (strict) (vardecl k (con integer)) (proj 2 p))
              (termbind (strict) (vardecl l (con integer)) (proj 3 p))
              [ [ addInteger [ [ addInteger [ [ addInteger i ] j ] ] k ] ] l ]
            )
          )
        ]
      )
    )
    (lam
      x
      (con integer)
      [
        unboxedTuple
        [
          [
            [
              [
                {
                  { { { UTuple4 (con integer) } (con integer) } (con integer) }
                  (con integer)
                }
                x
              ]
              x
            ]
            x
          ]
          x
        ]
      ]
    )
  )
)