ExBudget {exBudgetCPU = ExCPU 54045648, exBudgetMemory = ExMemory 176720}