ExBudget {exBudgetCPU = ExCPU 54196092, exBudgetMemory = ExMemory 177520}