ExBudget {exBudgetCPU = ExCPU 38802162, exBudgetMemory = ExMemory 111530}