ExBudget {exBudgetCPU = ExCPU 51544716, exBudgetMemory = ExMemory 168320}