ExBudget {exBudgetCPU = ExCPU 48001248, exBudgetMemory = ExMemory 154720}