(program
  (let
    (nonrec)
    (datatypebind
      (datatype
        (tyvardecl MyMonoData (type))

        MyMonoData_match
        (vardecl Mono (fun (con integer) (fun (con integer) MyMonoData)))
        (vardecl Mono (fun (con integer) MyMonoData))
        (vardecl Mono (fun (con integer) MyMonoData))
      )
    )
    (lam
      ds
      MyMonoData
      [
        [
          [
            { [ MyMonoData_match ds ] (con integer) }
            (lam
              p
              (prod (con integer) (con integer))
              (let
                (nonrec)
                (termbind
                  (strict) (vardecl default_arg0 (con integer)) (proj 0 p)
                )
                (termbind
                  (strict) (vardecl default_arg1 (con integer)) (proj 1 p)
                )
                (con integer 2)
              )
            )
          ]
          (lam
            p
            (prod (con integer))
            (let
              (nonrec)
              (termbind
                (strict) (vardecl default_arg0 (con integer)) (proj 0 p)
              )
              (con integer 2)
            )
          )
        ]
        (lam
          p
          (prod (con integer))
          (let
            (nonrec) (termbind (strict) (vardecl a (con integer)) (proj 0 p)) a
          )
        )
      ]
    )
  )
)