(program
  (let
    (nonrec)
    (datatypebind
      (datatype
        (tyvardecl MyMonoData (type))

        MyMonoData_match
        (vardecl Mono (fun (con integer) (fun (con integer) MyMonoData)))
        (vardecl Mono (fun (con integer) MyMonoData))
        (vardecl Mono (fun (con integer) MyMonoData))
      )
    )
    (lam
      ds
      MyMonoData
      [
        [
          [
            { [ MyMonoData_match ds ] (con integer) }
            (lam
              p
              (prod (con integer) (con integer))
              (let
                (nonrec)
                (termbind (strict) (vardecl ds (con integer)) (proj 0 p))
                (termbind (strict) (vardecl b (con integer)) (proj 1 p))
                b
              )
            )
          ]
          (lam
            p
            (prod (con integer))
            (let
              (nonrec)
              (termbind (strict) (vardecl a (con integer)) (proj 0 p))
              a
            )
          )
        ]
        (lam
          p
          (prod (con integer))
          (let
            (nonrec) (termbind (strict) (vardecl a (con integer)) (proj 0 p)) a
          )
        )
      ]
    )
  )
)