(delay (lam case_Unit_16 [ case_Unit_16 (prod ) ]))