(delay (lam case_True_108 (lam case_False_109 [ case_True_108 (prod ) ])))