(delay (lam case_True_152 (lam case_False_153 [ case_True_152 (prod ) ])))