(delay (lam case_True_190 (lam case_False_191 [ case_True_190 (prod ) ])))