(delay (lam case_True_240 (lam case_False_241 [ case_True_240 (prod ) ])))