(delay (lam case_True_131 (lam case_False_132 [ case_True_131 (prod ) ])))