(delay (lam case_True_141 (lam case_False_142 [ case_True_141 (prod ) ])))