(delay (lam case_True_72 (lam case_False_73 [ case_True_72 (prod ) ])))