(delay (lam case_True_234 (lam case_False_235 [ case_False_235 (prod ) ])))