(program
  1.0.0
  [
    (lam
      fix1_i0
      [
        [
          [
            (lam
              Nil_i0
              (lam
                Cons_i0
                (lam
                  Nil_match_i0
                  [
                    [
                      (lam
                        EmptyRose_i0
                        (lam
                          EmptyRose_match_i0
                          [
                            (lam
                              tup_i0
                              [
                                (lam
                                  map_i0
                                  [
                                    (lam
                                      tup_i0
                                      [
                                        (lam go_i0 go_i1)
                                        [
                                          (force tup_i1) (lam arg_0_i0 arg_0_i1)
                                        ]
                                      ]
                                    )
                                    (delay
                                      (lam
                                        f_i0
                                        [
                                          f_i1
                                          [
                                            (force (force fix1_i9))
                                            (lam
                                              go_i0
                                              (lam
                                                x_i0
                                                [
                                                  EmptyRose_i7
                                                  [
                                                    [ map_i4 go_i2 ]
                                                    [
                                                      (force
                                                        [
                                                          EmptyRose_match_i6
                                                          x_i1
                                                        ]
                                                      )
                                                      (lam
                                                        p_i0
                                                        [
                                                          (lam x_i0 x_i1)
                                                          (proj 0 p_i1)
                                                        ]
                                                      )
                                                    ]
                                                  ]
                                                ]
                                              )
                                            )
                                          ]
                                        ]
                                      )
                                    )
                                  ]
                                )
                                [ (force tup_i1) (lam arg_0_i0 arg_0_i1) ]
                              ]
                            )
                            (delay
                              (lam
                                f_i0
                                [
                                  f_i1
                                  [
                                    (force (force fix1_i7))
                                    (lam
                                      map_i0
                                      (lam
                                        ds_i0
                                        (lam
                                          ds_i0
                                          [
                                            [
                                              (force
                                                [ (force Nil_match_i7) ds_i1 ]
                                              )
                                              (lam p_i0 (force Nil_i10))
                                            ]
                                            (lam
                                              p_i0
                                              [
                                                (lam
                                                  x_i0
                                                  [
                                                    (lam
                                                      xs_i0
                                                      [
                                                        [
                                                          (force Cons_i11)
                                                          [ ds_i5 x_i2 ]
                                                        ]
                                                        [
                                                          [ map_i6 ds_i5 ] xs_i1
                                                        ]
                                                      ]
                                                    )
                                                    (proj 1 p_i2)
                                                  ]
                                                )
                                                (proj 0 p_i1)
                                              ]
                                            )
                                          ]
                                        )
                                      )
                                    )
                                  ]
                                ]
                              )
                            )
                          ]
                        )
                      )
                      (lam
                        arg_0_i0
                        (delay
                          (lam
                            case_EmptyRose_i0
                            [ case_EmptyRose_i1 (prod arg_0_i2) ]
                          )
                        )
                      )
                    ]
                    (lam x_i0 x_i1)
                  ]
                )
              )
            )
            (delay
              (delay
                (lam case_Nil_i0 (lam case_Cons_i0 [ case_Nil_i2 (prod ) ]))
              )
            )
          ]
          (delay
            (lam
              arg_0_i0
              (lam
                arg_1_i0
                (delay
                  (lam
                    case_Nil_i0
                    (lam case_Cons_i0 [ case_Cons_i1 (prod arg_0_i4 arg_1_i3) ])
                  )
                )
              )
            )
          )
        ]
        (delay (lam x_i0 x_i1))
      ]
    )
    (delay
      (delay
        (lam
          f_i0
          [
            (lam s_i0 [ s_i1 s_i1 ])
            (lam
              s_i0
              (lam x_i0 [ [ f_i3 [ (lam s_i0 [ s_i1 s_i1 ]) s_i2 ] ] x_i1 ])
            )
          ]
        )
      )
    )
  ]
)