(delay
  (lam
    case_Just_77 (lam case_Nothing_78 [ case_Just_77 (prod (con integer 1)) ])
  )
)